﻿
> repairconnect-frontend@1.0.0 build
> vite build

[36mvite v5.4.21 [32mbuilding for production...[36m[39m
transforming...
[32m✓[39m 1641 modules transformed.
node.exe : [31mx[39m Build 
failed in 4.80s
At C:\Program 
Files\nodejs\npm.ps1:29 char:3
+   & $NODE_EXE $NPM_CLI_JS $args
+   ~~~~~~~~~~~~~~~~~~~~~~~~~~~~~
    + CategoryInfo          : No 
   tSpecified: ([31mx[39m Bui  
  ld failed in 4.80s:String) [   
 ], RemoteException
    + FullyQualifiedErrorId : Na 
   tiveCommandError
 
[31merror during build:
[31mCould not resolve "../../../
../validations/serviceSchemas.js"
 from "src/portals/client/compone
nts/NewRequestForm.jsx"[31m
file: [36mC:/Users/hp/Desktop/ha
ckthone project/repair-connect/fr
ontend/src/portals/client/compone
nts/NewRequestForm.jsx[31m
    at getRollupError (file:///C:
/Users/hp/Desktop/hackthone%20pro
ject/repair-connect/frontend/node
_modules/rollup/dist/es/shared/pa
rseAst.js:402:41)
    at error (file:///C:/Users/hp
/Desktop/hackthone%20project/repa
ir-connect/frontend/node_modules/
rollup/dist/es/shared/parseAst.js
:398:42)
    at ModuleLoader.handleInvalid
ResolvedId (file:///C:/Users/hp/D
esktop/hackthone%20project/repair
-connect/frontend/node_modules/ro
llup/dist/es/shared/node-entry.js
:21710:24)
    at file:///C:/Users/hp/Deskto
p/hackthone%20project/repair-conn
ect/frontend/node_modules/rollup/
dist/es/shared/node-entry.js:2167
0:26[39m
